g:\My_Projects\final_year_health_test\DocTalk\backend\tests\test_hospital.py:1: SyntaxWarning: invalid escape sequence '\S'
  """
test_01_register_hospital (__main__.TestHospitalDB.test_01_register_hospital) ... ERROR
test_02_register_duplicate_hospital (__main__.TestHospitalDB.test_02_register_duplicate_hospital) ... C:\Program Files\Python312\Lib\asyncio\proactor_events.py:116: ResourceWarning: unclosed transport <_ProactorSocketTransport closing fd=724 read=<_OverlappedFuture cancelled> EOF written>
  _warn(f"unclosed transport {self!r}", ResourceWarning, source=self)
ResourceWarning: Enable tracemalloc to get the object allocation traceback
ok
test_03_login_success (__main__.TestHospitalDB.test_03_login_success) ... ERROR
test_04_login_wrong_password (__main__.TestHospitalDB.test_04_login_wrong_password) ... C:\Program Files\Python312\Lib\weakref.py:415: ResourceWarning: unclosed <socket.socket fd=724, family=2, type=1, proto=6, laddr=('127.0.0.1', 58339), raddr=('127.0.0.1', 58330)>
  return self.data[ref(key)]
ResourceWarning: Enable tracemalloc to get the object allocation traceback
C:\Program Files\Python312\Lib\asyncio\proactor_events.py:116: ResourceWarning: unclosed transport <_ProactorSocketTransport closing fd=-1 read=<_OverlappedFuture cancelled> EOF written>
  _warn(f"unclosed transport {self!r}", ResourceWarning, source=self)
ResourceWarning: Enable tracemalloc to get the object allocation traceback
ok
test_05_login_nonexistent_hospital (__main__.TestHospitalDB.test_05_login_nonexistent_hospital) ... ERROR
test_06_create_symptom_report (__main__.TestHospitalDB.test_06_create_symptom_report) ... ERROR
test_07_get_hospital_reports (__main__.TestHospitalDB.test_07_get_hospital_reports) ... ERROR
test_08_get_hospital_reports_pagination (__main__.TestHospitalDB.test_08_get_hospital_reports_pagination) ... C:\Program Files\Python312\Lib\threading.py:299: ResourceWarning: unclosed <socket.socket fd=1152, family=2, type=1, proto=6, laddr=('127.0.0.1', 58355), raddr=('127.0.0.1', 58330)>
  def __enter__(self):
ResourceWarning: Enable tracemalloc to get the object allocation traceback
C:\Program Files\Python312\Lib\asyncio\proactor_events.py:116: ResourceWarning: unclosed transport <_ProactorSocketTransport closing fd=1288 read=<_OverlappedFuture cancelled> EOF written>
  _warn(f"unclosed transport {self!r}", ResourceWarning, source=self)
ResourceWarning: Enable tracemalloc to get the object allocation traceback
ERROR
test_09_get_report_by_id (__main__.TestHospitalDB.test_09_get_report_by_id) ... ERROR
test_10_get_report_by_id_not_found (__main__.TestHospitalDB.test_10_get_report_by_id_not_found) ... ok
test_11_create_hospital_news (__main__.TestHospitalDB.test_11_create_hospital_news) ... ERROR
test_12_get_hospital_news (__main__.TestHospitalDB.test_12_get_hospital_news) ... C:\Program Files\Python312\Lib\asyncio\locks.py:199: ResourceWarning: unclosed <socket.socket fd=1012, family=2, type=1, proto=6, laddr=('127.0.0.1', 58368), raddr=('127.0.0.1', 58330)>
  async def wait(self):
ResourceWarning: Enable tracemalloc to get the object allocation traceback
ERROR
test_13_get_latest_news_all (__main__.TestHospitalDB.test_13_get_latest_news_all) ... ERROR
test_14_get_disease_summary (__main__.TestHospitalDB.test_14_get_disease_summary) ... ERROR
test_15_get_severity_breakdown (__main__.TestHospitalDB.test_15_get_severity_breakdown) ... ERROR
test_16_get_dashboard (__main__.TestHospitalDB.test_16_get_dashboard) ... ERROR
test_17_register_missing_fields (__main__.TestHospitalDB.test_17_register_missing_fields) ... g:\My_Projects\final_year_health_test\DocTalk\backend\tests\test_hospital.py:543: DeprecationWarning: 'HTTP_422_UNPROCESSABLE_ENTITY' is deprecated. Use 'HTTP_422_UNPROCESSABLE_CONTENT' instead.
  await self.service.register(
ok
test_18_report_for_nonexistent_hospital (__main__.TestHospitalDB.test_18_report_for_nonexistent_hospital) ... ERROR
test_19_anonymous_report (__main__.TestHospitalDB.test_19_anonymous_report) ... C:\Program Files\Python312\Lib\asyncio\locks.py:167: ResourceWarning: unclosed <socket.socket fd=332, family=2, type=1, proto=6, laddr=('127.0.0.1', 58388), raddr=('127.0.0.1', 58330)>
  self._waiters = collections.deque()
ResourceWarning: Enable tracemalloc to get the object allocation traceback
ERROR
test_20_get_disease_summary_global (__main__.TestHospitalDB.test_20_get_disease_summary_global) ... ERROR

======================================================================
ERROR: test_01_register_hospital (__main__.TestHospitalDB.test_01_register_hospital)
----------------------------------------------------------------------
Traceback (most recent call last):
  File "g:\My_Projects\final_year_health_test\DocTalk\backend\tests\test_hospital.py", line 39, in wrapper
    return loop.run_until_complete(coro(*args, **kwargs))
           ^^^^^^^^^^^^^^^^^^^^^^^^^^^^^^^^^^^^^^^^^^^^^^
  File "C:\Program Files\Python312\Lib\asyncio\base_events.py", line 691, in run_until_complete
    return future.result()
           ^^^^^^^^^^^^^^^
  File "g:\My_Projects\final_year_health_test\DocTalk\backend\tests\test_hospital.py", line 110, in test_01_register_hospital
    result = await self.service.register(
             ^^^^^^^^^^^^^^^^^^^^^^^^^^^^
  File "g:\My_Projects\final_year_health_test\DocTalk\backend\services\hospital_service.py", line 27, in register
    existing = await self.client.hospital.find_unique(where={"hospitalId": hospital_id})
               ^^^^^^^^^^^^^^^^^^^^^^^^^^^^^^^^^^^^^^^^^^^^^^^^^^^^^^^^^^^^^^^^^^^^^^^^^
  File "g:\My_Projects\final_year_health_test\DocTalk\backend\.venv\Lib\site-packages\prisma\actions.py", line 9632, in find_unique
    resp = await self._client._execute(
           ^^^^^^^^^^^^^^^^^^^^^^^^^^^^
  File "g:\My_Projects\final_year_health_test\DocTalk\backend\.venv\Lib\site-packages\prisma\_base_client.py", line 543, in _execute
    return await self._engine.query(builder.build(), tx_id=self._tx_id)
           ^^^^^^^^^^^^^^^^^^^^^^^^^^^^^^^^^^^^^^^^^^^^^^^^^^^^^^^^^^^^
  File "g:\My_Projects\final_year_health_test\DocTalk\backend\.venv\Lib\site-packages\prisma\engine\_query.py", line 402, in query
    return await self.request(
           ^^^^^^^^^^^^^^^^^^^
  File "g:\My_Projects\final_year_health_test\DocTalk\backend\.venv\Lib\site-packages\prisma\engine\_http.py", line 217, in request
    response = await self.session.request(method, url, **kwargs)
               ^^^^^^^^^^^^^^^^^^^^^^^^^^^^^^^^^^^^^^^^^^^^^^^^^
  File "g:\My_Projects\final_year_health_test\DocTalk\backend\.venv\Lib\site-packages\prisma\_async_http.py", line 26, in request
    return Response(await self.session.request(method, url, **kwargs))
                    ^^^^^^^^^^^^^^^^^^^^^^^^^^^^^^^^^^^^^^^^^^^^^^^^^
  File "g:\My_Projects\final_year_health_test\DocTalk\backend\.venv\Lib\site-packages\httpx\_client.py", line 1540, in request
    return await self.send(request, auth=auth, follow_redirects=follow_redirects)
           ^^^^^^^^^^^^^^^^^^^^^^^^^^^^^^^^^^^^^^^^^^^^^^^^^^^^^^^^^^^^^^^^^^^^^^
  File "g:\My_Projects\final_year_health_test\DocTalk\backend\.venv\Lib\site-packages\httpx\_client.py", line 1629, in send
    response = await self._send_handling_auth(
               ^^^^^^^^^^^^^^^^^^^^^^^^^^^^^^^
  File "g:\My_Projects\final_year_health_test\DocTalk\backend\.venv\Lib\site-packages\httpx\_client.py", line 1657, in _send_handling_auth
    response = await self._send_handling_redirects(
               ^^^^^^^^^^^^^^^^^^^^^^^^^^^^^^^^^^^^
  File "g:\My_Projects\final_year_health_test\DocTalk\backend\.venv\Lib\site-packages\httpx\_client.py", line 1694, in _send_handling_redirects
    response = await self._send_single_request(request)
               ^^^^^^^^^^^^^^^^^^^^^^^^^^^^^^^^^^^^^^^^
  File "g:\My_Projects\final_year_health_test\DocTalk\backend\.venv\Lib\site-packages\httpx\_client.py", line 1730, in _send_single_request
    response = await transport.handle_async_request(request)
               ^^^^^^^^^^^^^^^^^^^^^^^^^^^^^^^^^^^^^^^^^^^^^
  File "g:\My_Projects\final_year_health_test\DocTalk\backend\.venv\Lib\site-packages\httpx\_transports\default.py", line 394, in handle_async_request
    resp = await self._pool.handle_async_request(req)
           ^^^^^^^^^^^^^^^^^^^^^^^^^^^^^^^^^^^^^^^^^^
  File "g:\My_Projects\final_year_health_test\DocTalk\backend\.venv\Lib\site-packages\httpcore\_async\connection_pool.py", line 256, in handle_async_request
    raise exc from None
  File "g:\My_Projects\final_year_health_test\DocTalk\backend\.venv\Lib\site-packages\httpcore\_async\connection_pool.py", line 236, in handle_async_request
    response = await connection.handle_async_request(
               ^^^^^^^^^^^^^^^^^^^^^^^^^^^^^^^^^^^^^^
  File "g:\My_Projects\final_year_health_test\DocTalk\backend\.venv\Lib\site-packages\httpcore\_async\connection.py", line 103, in handle_async_request
    return await self._connection.handle_async_request(request)
           ^^^^^^^^^^^^^^^^^^^^^^^^^^^^^^^^^^^^^^^^^^^^^^^^^^^^
  File "g:\My_Projects\final_year_health_test\DocTalk\backend\.venv\Lib\site-packages\httpcore\_async\http11.py", line 135, in handle_async_request
    await self._response_closed()
  File "g:\My_Projects\final_year_health_test\DocTalk\backend\.venv\Lib\site-packages\httpcore\_async\http11.py", line 250, in _response_closed
    await self.aclose()
  File "g:\My_Projects\final_year_health_test\DocTalk\backend\.venv\Lib\site-packages\httpcore\_async\http11.py", line 258, in aclose
    await self._network_stream.aclose()
  File "g:\My_Projects\final_year_health_test\DocTalk\backend\.venv\Lib\site-packages\httpcore\_backends\anyio.py", line 53, in aclose
    await self._stream.aclose()
  File "g:\My_Projects\final_year_health_test\DocTalk\backend\.venv\Lib\site-packages\anyio\_backends\_asyncio.py", line 1344, in aclose
    self._transport.close()
  File "C:\Program Files\Python312\Lib\asyncio\proactor_events.py", line 109, in close
    self._loop.call_soon(self._call_connection_lost, None)
  File "C:\Program Files\Python312\Lib\asyncio\base_events.py", line 799, in call_soon
    self._check_closed()
  File "C:\Program Files\Python312\Lib\asyncio\base_events.py", line 545, in _check_closed
    raise RuntimeError('Event loop is closed')
RuntimeError: Event loop is closed

======================================================================
ERROR: test_03_login_success (__main__.TestHospitalDB.test_03_login_success)
----------------------------------------------------------------------
Traceback (most recent call last):
  File "g:\My_Projects\final_year_health_test\DocTalk\backend\tests\test_hospital.py", line 39, in wrapper
    return loop.run_until_complete(coro(*args, **kwargs))
           ^^^^^^^^^^^^^^^^^^^^^^^^^^^^^^^^^^^^^^^^^^^^^^
  File "C:\Program Files\Python312\Lib\asyncio\base_events.py", line 691, in run_until_complete
    return future.result()
           ^^^^^^^^^^^^^^^
  File "g:\My_Projects\final_year_health_test\DocTalk\backend\tests\test_hospital.py", line 150, in test_03_login_success
    await self.service.register(
  File "g:\My_Projects\final_year_health_test\DocTalk\backend\services\hospital_service.py", line 27, in register
    existing = await self.client.hospital.find_unique(where={"hospitalId": hospital_id})
               ^^^^^^^^^^^^^^^^^^^^^^^^^^^^^^^^^^^^^^^^^^^^^^^^^^^^^^^^^^^^^^^^^^^^^^^^^
  File "g:\My_Projects\final_year_health_test\DocTalk\backend\.venv\Lib\site-packages\prisma\actions.py", line 9632, in find_unique
    resp = await self._client._execute(
           ^^^^^^^^^^^^^^^^^^^^^^^^^^^^
  File "g:\My_Projects\final_year_health_test\DocTalk\backend\.venv\Lib\site-packages\prisma\_base_client.py", line 543, in _execute
    return await self._engine.query(builder.build(), tx_id=self._tx_id)
           ^^^^^^^^^^^^^^^^^^^^^^^^^^^^^^^^^^^^^^^^^^^^^^^^^^^^^^^^^^^^
  File "g:\My_Projects\final_year_health_test\DocTalk\backend\.venv\Lib\site-packages\prisma\engine\_query.py", line 402, in query
    return await self.request(
           ^^^^^^^^^^^^^^^^^^^
  File "g:\My_Projects\final_year_health_test\DocTalk\backend\.venv\Lib\site-packages\prisma\engine\_http.py", line 217, in request
    response = await self.session.request(method, url, **kwargs)
               ^^^^^^^^^^^^^^^^^^^^^^^^^^^^^^^^^^^^^^^^^^^^^^^^^
  File "g:\My_Projects\final_year_health_test\DocTalk\backend\.venv\Lib\site-packages\prisma\_async_http.py", line 26, in request
    return Response(await self.session.request(method, url, **kwargs))
                    ^^^^^^^^^^^^^^^^^^^^^^^^^^^^^^^^^^^^^^^^^^^^^^^^^
  File "g:\My_Projects\final_year_health_test\DocTalk\backend\.venv\Lib\site-packages\httpx\_client.py", line 1540, in request
    return await self.send(request, auth=auth, follow_redirects=follow_redirects)
           ^^^^^^^^^^^^^^^^^^^^^^^^^^^^^^^^^^^^^^^^^^^^^^^^^^^^^^^^^^^^^^^^^^^^^^
  File "g:\My_Projects\final_year_health_test\DocTalk\backend\.venv\Lib\site-packages\httpx\_client.py", line 1629, in send
    response = await self._send_handling_auth(
               ^^^^^^^^^^^^^^^^^^^^^^^^^^^^^^^
  File "g:\My_Projects\final_year_health_test\DocTalk\backend\.venv\Lib\site-packages\httpx\_client.py", line 1657, in _send_handling_auth
    response = await self._send_handling_redirects(
               ^^^^^^^^^^^^^^^^^^^^^^^^^^^^^^^^^^^^
  File "g:\My_Projects\final_year_health_test\DocTalk\backend\.venv\Lib\site-packages\httpx\_client.py", line 1694, in _send_handling_redirects
    response = await self._send_single_request(request)
               ^^^^^^^^^^^^^^^^^^^^^^^^^^^^^^^^^^^^^^^^
  File "g:\My_Projects\final_year_health_test\DocTalk\backend\.venv\Lib\site-packages\httpx\_client.py", line 1730, in _send_single_request
    response = await transport.handle_async_request(request)
               ^^^^^^^^^^^^^^^^^^^^^^^^^^^^^^^^^^^^^^^^^^^^^
  File "g:\My_Projects\final_year_health_test\DocTalk\backend\.venv\Lib\site-packages\httpx\_transports\default.py", line 394, in handle_async_request
    resp = await self._pool.handle_async_request(req)
           ^^^^^^^^^^^^^^^^^^^^^^^^^^^^^^^^^^^^^^^^^^
  File "g:\My_Projects\final_year_health_test\DocTalk\backend\.venv\Lib\site-packages\httpcore\_async\connection_pool.py", line 256, in handle_async_request
    raise exc from None
  File "g:\My_Projects\final_year_health_test\DocTalk\backend\.venv\Lib\site-packages\httpcore\_async\connection_pool.py", line 236, in handle_async_request
    response = await connection.handle_async_request(
               ^^^^^^^^^^^^^^^^^^^^^^^^^^^^^^^^^^^^^^
  File "g:\My_Projects\final_year_health_test\DocTalk\backend\.venv\Lib\site-packages\httpcore\_async\connection.py", line 103, in handle_async_request
    return await self._connection.handle_async_request(request)
           ^^^^^^^^^^^^^^^^^^^^^^^^^^^^^^^^^^^^^^^^^^^^^^^^^^^^
  File "g:\My_Projects\final_year_health_test\DocTalk\backend\.venv\Lib\site-packages\httpcore\_async\http11.py", line 135, in handle_async_request
    await self._response_closed()
  File "g:\My_Projects\final_year_health_test\DocTalk\backend\.venv\Lib\site-packages\httpcore\_async\http11.py", line 250, in _response_closed
    await self.aclose()
  File "g:\My_Projects\final_year_health_test\DocTalk\backend\.venv\Lib\site-packages\httpcore\_async\http11.py", line 258, in aclose
    await self._network_stream.aclose()
  File "g:\My_Projects\final_year_health_test\DocTalk\backend\.venv\Lib\site-packages\httpcore\_backends\anyio.py", line 53, in aclose
    await self._stream.aclose()
  File "g:\My_Projects\final_year_health_test\DocTalk\backend\.venv\Lib\site-packages\anyio\_backends\_asyncio.py", line 1344, in aclose
    self._transport.close()
  File "C:\Program Files\Python312\Lib\asyncio\proactor_events.py", line 109, in close
    self._loop.call_soon(self._call_connection_lost, None)
  File "C:\Program Files\Python312\Lib\asyncio\base_events.py", line 799, in call_soon
    self._check_closed()
  File "C:\Program Files\Python312\Lib\asyncio\base_events.py", line 545, in _check_closed
    raise RuntimeError('Event loop is closed')
RuntimeError: Event loop is closed

======================================================================
ERROR: test_05_login_nonexistent_hospital (__main__.TestHospitalDB.test_05_login_nonexistent_hospital)
----------------------------------------------------------------------
Traceback (most recent call last):
  File "g:\My_Projects\final_year_health_test\DocTalk\backend\tests\test_hospital.py", line 39, in wrapper
    return loop.run_until_complete(coro(*args, **kwargs))
           ^^^^^^^^^^^^^^^^^^^^^^^^^^^^^^^^^^^^^^^^^^^^^^
  File "C:\Program Files\Python312\Lib\asyncio\base_events.py", line 691, in run_until_complete
    return future.result()
           ^^^^^^^^^^^^^^^
  File "g:\My_Projects\final_year_health_test\DocTalk\backend\tests\test_hospital.py", line 185, in test_05_login_nonexistent_hospital
    await self.service.login(
  File "g:\My_Projects\final_year_health_test\DocTalk\backend\services\hospital_service.py", line 45, in login
    hospital = await self.client.hospital.find_unique(where={"hospitalId": hospital_id.strip()})
               ^^^^^^^^^^^^^^^^^^^^^^^^^^^^^^^^^^^^^^^^^^^^^^^^^^^^^^^^^^^^^^^^^^^^^^^^^^^^^^^^^
  File "g:\My_Projects\final_year_health_test\DocTalk\backend\.venv\Lib\site-packages\prisma\actions.py", line 9632, in find_unique
    resp = await self._client._execute(
           ^^^^^^^^^^^^^^^^^^^^^^^^^^^^
  File "g:\My_Projects\final_year_health_test\DocTalk\backend\.venv\Lib\site-packages\prisma\_base_client.py", line 543, in _execute
    return await self._engine.query(builder.build(), tx_id=self._tx_id)
           ^^^^^^^^^^^^^^^^^^^^^^^^^^^^^^^^^^^^^^^^^^^^^^^^^^^^^^^^^^^^
  File "g:\My_Projects\final_year_health_test\DocTalk\backend\.venv\Lib\site-packages\prisma\engine\_query.py", line 402, in query
    return await self.request(
           ^^^^^^^^^^^^^^^^^^^
  File "g:\My_Projects\final_year_health_test\DocTalk\backend\.venv\Lib\site-packages\prisma\engine\_http.py", line 217, in request
    response = await self.session.request(method, url, **kwargs)
               ^^^^^^^^^^^^^^^^^^^^^^^^^^^^^^^^^^^^^^^^^^^^^^^^^
  File "g:\My_Projects\final_year_health_test\DocTalk\backend\.venv\Lib\site-packages\prisma\_async_http.py", line 26, in request
    return Response(await self.session.request(method, url, **kwargs))
                    ^^^^^^^^^^^^^^^^^^^^^^^^^^^^^^^^^^^^^^^^^^^^^^^^^
  File "g:\My_Projects\final_year_health_test\DocTalk\backend\.venv\Lib\site-packages\httpx\_client.py", line 1540, in request
    return await self.send(request, auth=auth, follow_redirects=follow_redirects)
           ^^^^^^^^^^^^^^^^^^^^^^^^^^^^^^^^^^^^^^^^^^^^^^^^^^^^^^^^^^^^^^^^^^^^^^
  File "g:\My_Projects\final_year_health_test\DocTalk\backend\.venv\Lib\site-packages\httpx\_client.py", line 1629, in send
    response = await self._send_handling_auth(
               ^^^^^^^^^^^^^^^^^^^^^^^^^^^^^^^
  File "g:\My_Projects\final_year_health_test\DocTalk\backend\.venv\Lib\site-packages\httpx\_client.py", line 1657, in _send_handling_auth
    response = await self._send_handling_redirects(
               ^^^^^^^^^^^^^^^^^^^^^^^^^^^^^^^^^^^^
  File "g:\My_Projects\final_year_health_test\DocTalk\backend\.venv\Lib\site-packages\httpx\_client.py", line 1694, in _send_handling_redirects
    response = await self._send_single_request(request)
               ^^^^^^^^^^^^^^^^^^^^^^^^^^^^^^^^^^^^^^^^
  File "g:\My_Projects\final_year_health_test\DocTalk\backend\.venv\Lib\site-packages\httpx\_client.py", line 1730, in _send_single_request
    response = await transport.handle_async_request(request)
               ^^^^^^^^^^^^^^^^^^^^^^^^^^^^^^^^^^^^^^^^^^^^^
  File "g:\My_Projects\final_year_health_test\DocTalk\backend\.venv\Lib\site-packages\httpx\_transports\default.py", line 394, in handle_async_request
    resp = await self._pool.handle_async_request(req)
           ^^^^^^^^^^^^^^^^^^^^^^^^^^^^^^^^^^^^^^^^^^
  File "g:\My_Projects\final_year_health_test\DocTalk\backend\.venv\Lib\site-packages\httpcore\_async\connection_pool.py", line 256, in handle_async_request
    raise exc from None
  File "g:\My_Projects\final_year_health_test\DocTalk\backend\.venv\Lib\site-packages\httpcore\_async\connection_pool.py", line 236, in handle_async_request
    response = await connection.handle_async_request(
               ^^^^^^^^^^^^^^^^^^^^^^^^^^^^^^^^^^^^^^
  File "g:\My_Projects\final_year_health_test\DocTalk\backend\.venv\Lib\site-packages\httpcore\_async\connection.py", line 103, in handle_async_request
    return await self._connection.handle_async_request(request)
           ^^^^^^^^^^^^^^^^^^^^^^^^^^^^^^^^^^^^^^^^^^^^^^^^^^^^
  File "g:\My_Projects\final_year_health_test\DocTalk\backend\.venv\Lib\site-packages\httpcore\_async\http11.py", line 135, in handle_async_request
    await self._response_closed()
  File "g:\My_Projects\final_year_health_test\DocTalk\backend\.venv\Lib\site-packages\httpcore\_async\http11.py", line 250, in _response_closed
    await self.aclose()
  File "g:\My_Projects\final_year_health_test\DocTalk\backend\.venv\Lib\site-packages\httpcore\_async\http11.py", line 258, in aclose
    await self._network_stream.aclose()
  File "g:\My_Projects\final_year_health_test\DocTalk\backend\.venv\Lib\site-packages\httpcore\_backends\anyio.py", line 53, in aclose
    await self._stream.aclose()
  File "g:\My_Projects\final_year_health_test\DocTalk\backend\.venv\Lib\site-packages\anyio\_backends\_asyncio.py", line 1344, in aclose
    self._transport.close()
  File "C:\Program Files\Python312\Lib\asyncio\proactor_events.py", line 109, in close
    self._loop.call_soon(self._call_connection_lost, None)
  File "C:\Program Files\Python312\Lib\asyncio\base_events.py", line 799, in call_soon
    self._check_closed()
  File "C:\Program Files\Python312\Lib\asyncio\base_events.py", line 545, in _check_closed
    raise RuntimeError('Event loop is closed')
RuntimeError: Event loop is closed

======================================================================
ERROR: test_06_create_symptom_report (__main__.TestHospitalDB.test_06_create_symptom_report)
----------------------------------------------------------------------
Traceback (most recent call last):
  File "g:\My_Projects\final_year_health_test\DocTalk\backend\tests\test_hospital.py", line 39, in wrapper
    return loop.run_until_complete(coro(*args, **kwargs))
           ^^^^^^^^^^^^^^^^^^^^^^^^^^^^^^^^^^^^^^^^^^^^^^
  File "C:\Program Files\Python312\Lib\asyncio\base_events.py", line 691, in run_until_complete
    return future.result()
           ^^^^^^^^^^^^^^^
  File "g:\My_Projects\final_year_health_test\DocTalk\backend\tests\test_hospital.py", line 203, in test_06_create_symptom_report
    report = await self.service.create_symptom_report(
             ^^^^^^^^^^^^^^^^^^^^^^^^^^^^^^^^^^^^^^^^^
  File "g:\My_Projects\final_year_health_test\DocTalk\backend\services\hospital_service.py", line 60, in create_symptom_report
    report = await self.client.symptomreport.create(data={
             ^^^^^^^^^^^^^^^^^^^^^^^^^^^^^^^^^^^^^^^^^^^^^
  File "g:\My_Projects\final_year_health_test\DocTalk\backend\.venv\Lib\site-packages\prisma\actions.py", line 10494, in create
    resp = await self._client._execute(
           ^^^^^^^^^^^^^^^^^^^^^^^^^^^^
  File "g:\My_Projects\final_year_health_test\DocTalk\backend\.venv\Lib\site-packages\prisma\_base_client.py", line 543, in _execute
    return await self._engine.query(builder.build(), tx_id=self._tx_id)
           ^^^^^^^^^^^^^^^^^^^^^^^^^^^^^^^^^^^^^^^^^^^^^^^^^^^^^^^^^^^^
  File "g:\My_Projects\final_year_health_test\DocTalk\backend\.venv\Lib\site-packages\prisma\engine\_query.py", line 402, in query
    return await self.request(
           ^^^^^^^^^^^^^^^^^^^
  File "g:\My_Projects\final_year_health_test\DocTalk\backend\.venv\Lib\site-packages\prisma\engine\_http.py", line 233, in request
    return self._process_response_data(data=data, response=response)
           ^^^^^^^^^^^^^^^^^^^^^^^^^^^^^^^^^^^^^^^^^^^^^^^^^^^^^^^^^
  File "g:\My_Projects\final_year_health_test\DocTalk\backend\.venv\Lib\site-packages\prisma\engine\_http.py", line 87, in _process_response_data
    return utils.handle_response_errors(response, errors_data)
           ^^^^^^^^^^^^^^^^^^^^^^^^^^^^^^^^^^^^^^^^^^^^^^^^^^^
  File "g:\My_Projects\final_year_health_test\DocTalk\backend\.venv\Lib\site-packages\prisma\engine\utils.py", line 163, in handle_response_errors
    raise prisma_errors.MissingRequiredValueError(error)
prisma.errors.MissingRequiredValueError: Unable to match input value to any allowed input type for the field. Parse errors: [`data.hospital`: A value is required but not set, Unable to match input value to any allowed input type for the field. Parse errors: [Invalid argument type. `symptoms` should be of any of the following types: `JsonNullValueInput`, Invalid argument type. `symptoms` should be of any of the following types: `Json`]]

======================================================================
ERROR: test_07_get_hospital_reports (__main__.TestHospitalDB.test_07_get_hospital_reports)
----------------------------------------------------------------------
Traceback (most recent call last):
  File "g:\My_Projects\final_year_health_test\DocTalk\backend\tests\test_hospital.py", line 39, in wrapper
    return loop.run_until_complete(coro(*args, **kwargs))
           ^^^^^^^^^^^^^^^^^^^^^^^^^^^^^^^^^^^^^^^^^^^^^^
  File "C:\Program Files\Python312\Lib\asyncio\base_events.py", line 691, in run_until_complete
    return future.result()
           ^^^^^^^^^^^^^^^
  File "g:\My_Projects\final_year_health_test\DocTalk\backend\tests\test_hospital.py", line 234, in test_07_get_hospital_reports
    await self.service.register(
  File "g:\My_Projects\final_year_health_test\DocTalk\backend\services\hospital_service.py", line 27, in register
    existing = await self.client.hospital.find_unique(where={"hospitalId": hospital_id})
               ^^^^^^^^^^^^^^^^^^^^^^^^^^^^^^^^^^^^^^^^^^^^^^^^^^^^^^^^^^^^^^^^^^^^^^^^^
  File "g:\My_Projects\final_year_health_test\DocTalk\backend\.venv\Lib\site-packages\prisma\actions.py", line 9632, in find_unique
    resp = await self._client._execute(
           ^^^^^^^^^^^^^^^^^^^^^^^^^^^^
  File "g:\My_Projects\final_year_health_test\DocTalk\backend\.venv\Lib\site-packages\prisma\_base_client.py", line 543, in _execute
    return await self._engine.query(builder.build(), tx_id=self._tx_id)
           ^^^^^^^^^^^^^^^^^^^^^^^^^^^^^^^^^^^^^^^^^^^^^^^^^^^^^^^^^^^^
  File "g:\My_Projects\final_year_health_test\DocTalk\backend\.venv\Lib\site-packages\prisma\engine\_query.py", line 402, in query
    return await self.request(
           ^^^^^^^^^^^^^^^^^^^
  File "g:\My_Projects\final_year_health_test\DocTalk\backend\.venv\Lib\site-packages\prisma\engine\_http.py", line 217, in request
    response = await self.session.request(method, url, **kwargs)
               ^^^^^^^^^^^^^^^^^^^^^^^^^^^^^^^^^^^^^^^^^^^^^^^^^
  File "g:\My_Projects\final_year_health_test\DocTalk\backend\.venv\Lib\site-packages\prisma\_async_http.py", line 26, in request
    return Response(await self.session.request(method, url, **kwargs))
                    ^^^^^^^^^^^^^^^^^^^^^^^^^^^^^^^^^^^^^^^^^^^^^^^^^
  File "g:\My_Projects\final_year_health_test\DocTalk\backend\.venv\Lib\site-packages\httpx\_client.py", line 1540, in request
    return await self.send(request, auth=auth, follow_redirects=follow_redirects)
           ^^^^^^^^^^^^^^^^^^^^^^^^^^^^^^^^^^^^^^^^^^^^^^^^^^^^^^^^^^^^^^^^^^^^^^
  File "g:\My_Projects\final_year_health_test\DocTalk\backend\.venv\Lib\site-packages\httpx\_client.py", line 1629, in send
    response = await self._send_handling_auth(
               ^^^^^^^^^^^^^^^^^^^^^^^^^^^^^^^
  File "g:\My_Projects\final_year_health_test\DocTalk\backend\.venv\Lib\site-packages\httpx\_client.py", line 1657, in _send_handling_auth
    response = await self._send_handling_redirects(
               ^^^^^^^^^^^^^^^^^^^^^^^^^^^^^^^^^^^^
  File "g:\My_Projects\final_year_health_test\DocTalk\backend\.venv\Lib\site-packages\httpx\_client.py", line 1694, in _send_handling_redirects
    response = await self._send_single_request(request)
               ^^^^^^^^^^^^^^^^^^^^^^^^^^^^^^^^^^^^^^^^
  File "g:\My_Projects\final_year_health_test\DocTalk\backend\.venv\Lib\site-packages\httpx\_client.py", line 1730, in _send_single_request
    response = await transport.handle_async_request(request)
               ^^^^^^^^^^^^^^^^^^^^^^^^^^^^^^^^^^^^^^^^^^^^^
  File "g:\My_Projects\final_year_health_test\DocTalk\backend\.venv\Lib\site-packages\httpx\_transports\default.py", line 394, in handle_async_request
    resp = await self._pool.handle_async_request(req)
           ^^^^^^^^^^^^^^^^^^^^^^^^^^^^^^^^^^^^^^^^^^
  File "g:\My_Projects\final_year_health_test\DocTalk\backend\.venv\Lib\site-packages\httpcore\_async\connection_pool.py", line 256, in handle_async_request
    raise exc from None
  File "g:\My_Projects\final_year_health_test\DocTalk\backend\.venv\Lib\site-packages\httpcore\_async\connection_pool.py", line 236, in handle_async_request
    response = await connection.handle_async_request(
               ^^^^^^^^^^^^^^^^^^^^^^^^^^^^^^^^^^^^^^
  File "g:\My_Projects\final_year_health_test\DocTalk\backend\.venv\Lib\site-packages\httpcore\_async\connection.py", line 103, in handle_async_request
    return await self._connection.handle_async_request(request)
           ^^^^^^^^^^^^^^^^^^^^^^^^^^^^^^^^^^^^^^^^^^^^^^^^^^^^
  File "g:\My_Projects\final_year_health_test\DocTalk\backend\.venv\Lib\site-packages\httpcore\_async\http11.py", line 135, in handle_async_request
    await self._response_closed()
  File "g:\My_Projects\final_year_health_test\DocTalk\backend\.venv\Lib\site-packages\httpcore\_async\http11.py", line 250, in _response_closed
    await self.aclose()
  File "g:\My_Projects\final_year_health_test\DocTalk\backend\.venv\Lib\site-packages\httpcore\_async\http11.py", line 258, in aclose
    await self._network_stream.aclose()
  File "g:\My_Projects\final_year_health_test\DocTalk\backend\.venv\Lib\site-packages\httpcore\_backends\anyio.py", line 53, in aclose
    await self._stream.aclose()
  File "g:\My_Projects\final_year_health_test\DocTalk\backend\.venv\Lib\site-packages\anyio\_backends\_asyncio.py", line 1344, in aclose
    self._transport.close()
  File "C:\Program Files\Python312\Lib\asyncio\proactor_events.py", line 109, in close
    self._loop.call_soon(self._call_connection_lost, None)
  File "C:\Program Files\Python312\Lib\asyncio\base_events.py", line 799, in call_soon
    self._check_closed()
  File "C:\Program Files\Python312\Lib\asyncio\base_events.py", line 545, in _check_closed
    raise RuntimeError('Event loop is closed')
RuntimeError: Event loop is closed

======================================================================
ERROR: test_08_get_hospital_reports_pagination (__main__.TestHospitalDB.test_08_get_hospital_reports_pagination)
----------------------------------------------------------------------
Traceback (most recent call last):
  File "g:\My_Projects\final_year_health_test\DocTalk\backend\tests\test_hospital.py", line 39, in wrapper
    return loop.run_until_complete(coro(*args, **kwargs))
           ^^^^^^^^^^^^^^^^^^^^^^^^^^^^^^^^^^^^^^^^^^^^^^
  File "C:\Program Files\Python312\Lib\asyncio\base_events.py", line 691, in run_until_complete
    return future.result()
           ^^^^^^^^^^^^^^^
  File "g:\My_Projects\final_year_health_test\DocTalk\backend\tests\test_hospital.py", line 277, in test_08_get_hospital_reports_pagination
    await self.service.create_symptom_report(
  File "g:\My_Projects\final_year_health_test\DocTalk\backend\services\hospital_service.py", line 60, in create_symptom_report
    report = await self.client.symptomreport.create(data={
             ^^^^^^^^^^^^^^^^^^^^^^^^^^^^^^^^^^^^^^^^^^^^^
  File "g:\My_Projects\final_year_health_test\DocTalk\backend\.venv\Lib\site-packages\prisma\actions.py", line 10494, in create
    resp = await self._client._execute(
           ^^^^^^^^^^^^^^^^^^^^^^^^^^^^
  File "g:\My_Projects\final_year_health_test\DocTalk\backend\.venv\Lib\site-packages\prisma\_base_client.py", line 543, in _execute
    return await self._engine.query(builder.build(), tx_id=self._tx_id)
           ^^^^^^^^^^^^^^^^^^^^^^^^^^^^^^^^^^^^^^^^^^^^^^^^^^^^^^^^^^^^
  File "g:\My_Projects\final_year_health_test\DocTalk\backend\.venv\Lib\site-packages\prisma\engine\_query.py", line 402, in query
    return await self.request(
           ^^^^^^^^^^^^^^^^^^^
  File "g:\My_Projects\final_year_health_test\DocTalk\backend\.venv\Lib\site-packages\prisma\engine\_http.py", line 233, in request
    return self._process_response_data(data=data, response=response)
           ^^^^^^^^^^^^^^^^^^^^^^^^^^^^^^^^^^^^^^^^^^^^^^^^^^^^^^^^^
  File "g:\My_Projects\final_year_health_test\DocTalk\backend\.venv\Lib\site-packages\prisma\engine\_http.py", line 87, in _process_response_data
    return utils.handle_response_errors(response, errors_data)
           ^^^^^^^^^^^^^^^^^^^^^^^^^^^^^^^^^^^^^^^^^^^^^^^^^^^
  File "g:\My_Projects\final_year_health_test\DocTalk\backend\.venv\Lib\site-packages\prisma\engine\utils.py", line 163, in handle_response_errors
    raise prisma_errors.MissingRequiredValueError(error)
prisma.errors.MissingRequiredValueError: Unable to match input value to any allowed input type for the field. Parse errors: [`data.hospital`: A value is required but not set, Unable to match input value to any allowed input type for the field. Parse errors: [Invalid argument type. `symptoms` should be of any of the following types: `JsonNullValueInput`, Invalid argument type. `symptoms` should be of any of the following types: `Json`]]

======================================================================
ERROR: test_09_get_report_by_id (__main__.TestHospitalDB.test_09_get_report_by_id)
----------------------------------------------------------------------
Traceback (most recent call last):
  File "g:\My_Projects\final_year_health_test\DocTalk\backend\tests\test_hospital.py", line 39, in wrapper
    return loop.run_until_complete(coro(*args, **kwargs))
           ^^^^^^^^^^^^^^^^^^^^^^^^^^^^^^^^^^^^^^^^^^^^^^
  File "C:\Program Files\Python312\Lib\asyncio\base_events.py", line 691, in run_until_complete
    return future.result()
           ^^^^^^^^^^^^^^^
  File "g:\My_Projects\final_year_health_test\DocTalk\backend\tests\test_hospital.py", line 310, in test_09_get_report_by_id
    await self.service.register(
  File "g:\My_Projects\final_year_health_test\DocTalk\backend\services\hospital_service.py", line 27, in register
    existing = await self.client.hospital.find_unique(where={"hospitalId": hospital_id})
               ^^^^^^^^^^^^^^^^^^^^^^^^^^^^^^^^^^^^^^^^^^^^^^^^^^^^^^^^^^^^^^^^^^^^^^^^^
  File "g:\My_Projects\final_year_health_test\DocTalk\backend\.venv\Lib\site-packages\prisma\actions.py", line 9632, in find_unique
    resp = await self._client._execute(
           ^^^^^^^^^^^^^^^^^^^^^^^^^^^^
  File "g:\My_Projects\final_year_health_test\DocTalk\backend\.venv\Lib\site-packages\prisma\_base_client.py", line 543, in _execute
    return await self._engine.query(builder.build(), tx_id=self._tx_id)
           ^^^^^^^^^^^^^^^^^^^^^^^^^^^^^^^^^^^^^^^^^^^^^^^^^^^^^^^^^^^^
  File "g:\My_Projects\final_year_health_test\DocTalk\backend\.venv\Lib\site-packages\prisma\engine\_query.py", line 402, in query
    return await self.request(
           ^^^^^^^^^^^^^^^^^^^
  File "g:\My_Projects\final_year_health_test\DocTalk\backend\.venv\Lib\site-packages\prisma\engine\_http.py", line 217, in request
    response = await self.session.request(method, url, **kwargs)
               ^^^^^^^^^^^^^^^^^^^^^^^^^^^^^^^^^^^^^^^^^^^^^^^^^
  File "g:\My_Projects\final_year_health_test\DocTalk\backend\.venv\Lib\site-packages\prisma\_async_http.py", line 26, in request
    return Response(await self.session.request(method, url, **kwargs))
                    ^^^^^^^^^^^^^^^^^^^^^^^^^^^^^^^^^^^^^^^^^^^^^^^^^
  File "g:\My_Projects\final_year_health_test\DocTalk\backend\.venv\Lib\site-packages\httpx\_client.py", line 1540, in request
    return await self.send(request, auth=auth, follow_redirects=follow_redirects)
           ^^^^^^^^^^^^^^^^^^^^^^^^^^^^^^^^^^^^^^^^^^^^^^^^^^^^^^^^^^^^^^^^^^^^^^
  File "g:\My_Projects\final_year_health_test\DocTalk\backend\.venv\Lib\site-packages\httpx\_client.py", line 1629, in send
    response = await self._send_handling_auth(
               ^^^^^^^^^^^^^^^^^^^^^^^^^^^^^^^
  File "g:\My_Projects\final_year_health_test\DocTalk\backend\.venv\Lib\site-packages\httpx\_client.py", line 1657, in _send_handling_auth
    response = await self._send_handling_redirects(
               ^^^^^^^^^^^^^^^^^^^^^^^^^^^^^^^^^^^^
  File "g:\My_Projects\final_year_health_test\DocTalk\backend\.venv\Lib\site-packages\httpx\_client.py", line 1694, in _send_handling_redirects
    response = await self._send_single_request(request)
               ^^^^^^^^^^^^^^^^^^^^^^^^^^^^^^^^^^^^^^^^
  File "g:\My_Projects\final_year_health_test\DocTalk\backend\.venv\Lib\site-packages\httpx\_client.py", line 1730, in _send_single_request
    response = await transport.handle_async_request(request)
               ^^^^^^^^^^^^^^^^^^^^^^^^^^^^^^^^^^^^^^^^^^^^^
  File "g:\My_Projects\final_year_health_test\DocTalk\backend\.venv\Lib\site-packages\httpx\_transports\default.py", line 394, in handle_async_request
    resp = await self._pool.handle_async_request(req)
           ^^^^^^^^^^^^^^^^^^^^^^^^^^^^^^^^^^^^^^^^^^
  File "g:\My_Projects\final_year_health_test\DocTalk\backend\.venv\Lib\site-packages\httpcore\_async\connection_pool.py", line 256, in handle_async_request
    raise exc from None
  File "g:\My_Projects\final_year_health_test\DocTalk\backend\.venv\Lib\site-packages\httpcore\_async\connection_pool.py", line 236, in handle_async_request
    response = await connection.handle_async_request(
               ^^^^^^^^^^^^^^^^^^^^^^^^^^^^^^^^^^^^^^
  File "g:\My_Projects\final_year_health_test\DocTalk\backend\.venv\Lib\site-packages\httpcore\_async\connection.py", line 103, in handle_async_request
    return await self._connection.handle_async_request(request)
           ^^^^^^^^^^^^^^^^^^^^^^^^^^^^^^^^^^^^^^^^^^^^^^^^^^^^
  File "g:\My_Projects\final_year_health_test\DocTalk\backend\.venv\Lib\site-packages\httpcore\_async\http11.py", line 135, in handle_async_request
    await self._response_closed()
  File "g:\My_Projects\final_year_health_test\DocTalk\backend\.venv\Lib\site-packages\httpcore\_async\http11.py", line 250, in _response_closed
    await self.aclose()
  File "g:\My_Projects\final_year_health_test\DocTalk\backend\.venv\Lib\site-packages\httpcore\_async\http11.py", line 258, in aclose
    await self._network_stream.aclose()
  File "g:\My_Projects\final_year_health_test\DocTalk\backend\.venv\Lib\site-packages\httpcore\_backends\anyio.py", line 53, in aclose
    await self._stream.aclose()
  File "g:\My_Projects\final_year_health_test\DocTalk\backend\.venv\Lib\site-packages\anyio\_backends\_asyncio.py", line 1344, in aclose
    self._transport.close()
  File "C:\Program Files\Python312\Lib\asyncio\proactor_events.py", line 109, in close
    self._loop.call_soon(self._call_connection_lost, None)
  File "C:\Program Files\Python312\Lib\asyncio\base_events.py", line 799, in call_soon
    self._check_closed()
  File "C:\Program Files\Python312\Lib\asyncio\base_events.py", line 545, in _check_closed
    raise RuntimeError('Event loop is closed')
RuntimeError: Event loop is closed

======================================================================
ERROR: test_11_create_hospital_news (__main__.TestHospitalDB.test_11_create_hospital_news)
----------------------------------------------------------------------
Traceback (most recent call last):
  File "g:\My_Projects\final_year_health_test\DocTalk\backend\tests\test_hospital.py", line 39, in wrapper
    return loop.run_until_complete(coro(*args, **kwargs))
           ^^^^^^^^^^^^^^^^^^^^^^^^^^^^^^^^^^^^^^^^^^^^^^
  File "C:\Program Files\Python312\Lib\asyncio\base_events.py", line 691, in run_until_complete
    return future.result()
           ^^^^^^^^^^^^^^^
  File "g:\My_Projects\final_year_health_test\DocTalk\backend\tests\test_hospital.py", line 349, in test_11_create_hospital_news
    await self.service.register(
  File "g:\My_Projects\final_year_health_test\DocTalk\backend\services\hospital_service.py", line 27, in register
    existing = await self.client.hospital.find_unique(where={"hospitalId": hospital_id})
               ^^^^^^^^^^^^^^^^^^^^^^^^^^^^^^^^^^^^^^^^^^^^^^^^^^^^^^^^^^^^^^^^^^^^^^^^^
  File "g:\My_Projects\final_year_health_test\DocTalk\backend\.venv\Lib\site-packages\prisma\actions.py", line 9632, in find_unique
    resp = await self._client._execute(
           ^^^^^^^^^^^^^^^^^^^^^^^^^^^^
  File "g:\My_Projects\final_year_health_test\DocTalk\backend\.venv\Lib\site-packages\prisma\_base_client.py", line 543, in _execute
    return await self._engine.query(builder.build(), tx_id=self._tx_id)
           ^^^^^^^^^^^^^^^^^^^^^^^^^^^^^^^^^^^^^^^^^^^^^^^^^^^^^^^^^^^^
  File "g:\My_Projects\final_year_health_test\DocTalk\backend\.venv\Lib\site-packages\prisma\engine\_query.py", line 402, in query
    return await self.request(
           ^^^^^^^^^^^^^^^^^^^
  File "g:\My_Projects\final_year_health_test\DocTalk\backend\.venv\Lib\site-packages\prisma\engine\_http.py", line 217, in request
    response = await self.session.request(method, url, **kwargs)
               ^^^^^^^^^^^^^^^^^^^^^^^^^^^^^^^^^^^^^^^^^^^^^^^^^
  File "g:\My_Projects\final_year_health_test\DocTalk\backend\.venv\Lib\site-packages\prisma\_async_http.py", line 26, in request
    return Response(await self.session.request(method, url, **kwargs))
                    ^^^^^^^^^^^^^^^^^^^^^^^^^^^^^^^^^^^^^^^^^^^^^^^^^
  File "g:\My_Projects\final_year_health_test\DocTalk\backend\.venv\Lib\site-packages\httpx\_client.py", line 1540, in request
    return await self.send(request, auth=auth, follow_redirects=follow_redirects)
           ^^^^^^^^^^^^^^^^^^^^^^^^^^^^^^^^^^^^^^^^^^^^^^^^^^^^^^^^^^^^^^^^^^^^^^
  File "g:\My_Projects\final_year_health_test\DocTalk\backend\.venv\Lib\site-packages\httpx\_client.py", line 1629, in send
    response = await self._send_handling_auth(
               ^^^^^^^^^^^^^^^^^^^^^^^^^^^^^^^
  File "g:\My_Projects\final_year_health_test\DocTalk\backend\.venv\Lib\site-packages\httpx\_client.py", line 1657, in _send_handling_auth
    response = await self._send_handling_redirects(
               ^^^^^^^^^^^^^^^^^^^^^^^^^^^^^^^^^^^^
  File "g:\My_Projects\final_year_health_test\DocTalk\backend\.venv\Lib\site-packages\httpx\_client.py", line 1694, in _send_handling_redirects
    response = await self._send_single_request(request)
               ^^^^^^^^^^^^^^^^^^^^^^^^^^^^^^^^^^^^^^^^
  File "g:\My_Projects\final_year_health_test\DocTalk\backend\.venv\Lib\site-packages\httpx\_client.py", line 1730, in _send_single_request
    response = await transport.handle_async_request(request)
               ^^^^^^^^^^^^^^^^^^^^^^^^^^^^^^^^^^^^^^^^^^^^^
  File "g:\My_Projects\final_year_health_test\DocTalk\backend\.venv\Lib\site-packages\httpx\_transports\default.py", line 394, in handle_async_request
    resp = await self._pool.handle_async_request(req)
           ^^^^^^^^^^^^^^^^^^^^^^^^^^^^^^^^^^^^^^^^^^
  File "g:\My_Projects\final_year_health_test\DocTalk\backend\.venv\Lib\site-packages\httpcore\_async\connection_pool.py", line 256, in handle_async_request
    raise exc from None
  File "g:\My_Projects\final_year_health_test\DocTalk\backend\.venv\Lib\site-packages\httpcore\_async\connection_pool.py", line 236, in handle_async_request
    response = await connection.handle_async_request(
               ^^^^^^^^^^^^^^^^^^^^^^^^^^^^^^^^^^^^^^
  File "g:\My_Projects\final_year_health_test\DocTalk\backend\.venv\Lib\site-packages\httpcore\_async\connection.py", line 103, in handle_async_request
    return await self._connection.handle_async_request(request)
           ^^^^^^^^^^^^^^^^^^^^^^^^^^^^^^^^^^^^^^^^^^^^^^^^^^^^
  File "g:\My_Projects\final_year_health_test\DocTalk\backend\.venv\Lib\site-packages\httpcore\_async\http11.py", line 135, in handle_async_request
    await self._response_closed()
  File "g:\My_Projects\final_year_health_test\DocTalk\backend\.venv\Lib\site-packages\httpcore\_async\http11.py", line 250, in _response_closed
    await self.aclose()
  File "g:\My_Projects\final_year_health_test\DocTalk\backend\.venv\Lib\site-packages\httpcore\_async\http11.py", line 258, in aclose
    await self._network_stream.aclose()
  File "g:\My_Projects\final_year_health_test\DocTalk\backend\.venv\Lib\site-packages\httpcore\_backends\anyio.py", line 53, in aclose
    await self._stream.aclose()
  File "g:\My_Projects\final_year_health_test\DocTalk\backend\.venv\Lib\site-packages\anyio\_backends\_asyncio.py", line 1344, in aclose
    self._transport.close()
  File "C:\Program Files\Python312\Lib\asyncio\proactor_events.py", line 109, in close
    self._loop.call_soon(self._call_connection_lost, None)
  File "C:\Program Files\Python312\Lib\asyncio\base_events.py", line 799, in call_soon
    self._check_closed()
  File "C:\Program Files\Python312\Lib\asyncio\base_events.py", line 545, in _check_closed
    raise RuntimeError('Event loop is closed')
RuntimeError: Event loop is closed

======================================================================
ERROR: test_12_get_hospital_news (__main__.TestHospitalDB.test_12_get_hospital_news)
----------------------------------------------------------------------
Traceback (most recent call last):
  File "g:\My_Projects\final_year_health_test\DocTalk\backend\tests\test_hospital.py", line 39, in wrapper
    return loop.run_until_complete(coro(*args, **kwargs))
           ^^^^^^^^^^^^^^^^^^^^^^^^^^^^^^^^^^^^^^^^^^^^^^
  File "C:\Program Files\Python312\Lib\asyncio\base_events.py", line 691, in run_until_complete
    return future.result()
           ^^^^^^^^^^^^^^^
  File "g:\My_Projects\final_year_health_test\DocTalk\backend\tests\test_hospital.py", line 398, in test_12_get_hospital_news
    news_list = await self.service.get_hospital_news(hospital_id=hid)
                ^^^^^^^^^^^^^^^^^^^^^^^^^^^^^^^^^^^^^^^^^^^^^^^^^^^^^
  File "g:\My_Projects\final_year_health_test\DocTalk\backend\services\hospital_service.py", line 193, in get_hospital_news
    records = await self.client.hospitalnews.find_many(
              ^^^^^^^^^^^^^^^^^^^^^^^^^^^^^^^^^^^^^^^^^
  File "g:\My_Projects\final_year_health_test\DocTalk\backend\.venv\Lib\site-packages\prisma\actions.py", line 11813, in find_many
    resp = await self._client._execute(
           ^^^^^^^^^^^^^^^^^^^^^^^^^^^^
  File "g:\My_Projects\final_year_health_test\DocTalk\backend\.venv\Lib\site-packages\prisma\_base_client.py", line 543, in _execute
    return await self._engine.query(builder.build(), tx_id=self._tx_id)
           ^^^^^^^^^^^^^^^^^^^^^^^^^^^^^^^^^^^^^^^^^^^^^^^^^^^^^^^^^^^^
  File "g:\My_Projects\final_year_health_test\DocTalk\backend\.venv\Lib\site-packages\prisma\engine\_query.py", line 402, in query
    return await self.request(
           ^^^^^^^^^^^^^^^^^^^
  File "g:\My_Projects\final_year_health_test\DocTalk\backend\.venv\Lib\site-packages\prisma\engine\_http.py", line 233, in request
    return self._process_response_data(data=data, response=response)
           ^^^^^^^^^^^^^^^^^^^^^^^^^^^^^^^^^^^^^^^^^^^^^^^^^^^^^^^^^
  File "g:\My_Projects\final_year_health_test\DocTalk\backend\.venv\Lib\site-packages\prisma\engine\_http.py", line 87, in _process_response_data
    return utils.handle_response_errors(response, errors_data)
           ^^^^^^^^^^^^^^^^^^^^^^^^^^^^^^^^^^^^^^^^^^^^^^^^^^^
  File "g:\My_Projects\final_year_health_test\DocTalk\backend\.venv\Lib\site-packages\prisma\engine\utils.py", line 175, in handle_response_errors
    raise exc(error)
prisma.errors.FieldNotFoundError: Could not find field at `findManyHospitalNews.orderBy`

======================================================================
ERROR: test_13_get_latest_news_all (__main__.TestHospitalDB.test_13_get_latest_news_all)
----------------------------------------------------------------------
Traceback (most recent call last):
  File "g:\My_Projects\final_year_health_test\DocTalk\backend\tests\test_hospital.py", line 39, in wrapper
    return loop.run_until_complete(coro(*args, **kwargs))
           ^^^^^^^^^^^^^^^^^^^^^^^^^^^^^^^^^^^^^^^^^^^^^^
  File "C:\Program Files\Python312\Lib\asyncio\base_events.py", line 691, in run_until_complete
    return future.result()
           ^^^^^^^^^^^^^^^
  File "g:\My_Projects\final_year_health_test\DocTalk\backend\tests\test_hospital.py", line 405, in test_13_get_latest_news_all
    await self.service.register(
  File "g:\My_Projects\final_year_health_test\DocTalk\backend\services\hospital_service.py", line 27, in register
    existing = await self.client.hospital.find_unique(where={"hospitalId": hospital_id})
               ^^^^^^^^^^^^^^^^^^^^^^^^^^^^^^^^^^^^^^^^^^^^^^^^^^^^^^^^^^^^^^^^^^^^^^^^^
  File "g:\My_Projects\final_year_health_test\DocTalk\backend\.venv\Lib\site-packages\prisma\actions.py", line 9632, in find_unique
    resp = await self._client._execute(
           ^^^^^^^^^^^^^^^^^^^^^^^^^^^^
  File "g:\My_Projects\final_year_health_test\DocTalk\backend\.venv\Lib\site-packages\prisma\_base_client.py", line 543, in _execute
    return await self._engine.query(builder.build(), tx_id=self._tx_id)
           ^^^^^^^^^^^^^^^^^^^^^^^^^^^^^^^^^^^^^^^^^^^^^^^^^^^^^^^^^^^^
  File "g:\My_Projects\final_year_health_test\DocTalk\backend\.venv\Lib\site-packages\prisma\engine\_query.py", line 402, in query
    return await self.request(
           ^^^^^^^^^^^^^^^^^^^
  File "g:\My_Projects\final_year_health_test\DocTalk\backend\.venv\Lib\site-packages\prisma\engine\_http.py", line 217, in request
    response = await self.session.request(method, url, **kwargs)
               ^^^^^^^^^^^^^^^^^^^^^^^^^^^^^^^^^^^^^^^^^^^^^^^^^
  File "g:\My_Projects\final_year_health_test\DocTalk\backend\.venv\Lib\site-packages\prisma\_async_http.py", line 26, in request
    return Response(await self.session.request(method, url, **kwargs))
                    ^^^^^^^^^^^^^^^^^^^^^^^^^^^^^^^^^^^^^^^^^^^^^^^^^
  File "g:\My_Projects\final_year_health_test\DocTalk\backend\.venv\Lib\site-packages\httpx\_client.py", line 1540, in request
    return await self.send(request, auth=auth, follow_redirects=follow_redirects)
           ^^^^^^^^^^^^^^^^^^^^^^^^^^^^^^^^^^^^^^^^^^^^^^^^^^^^^^^^^^^^^^^^^^^^^^
  File "g:\My_Projects\final_year_health_test\DocTalk\backend\.venv\Lib\site-packages\httpx\_client.py", line 1629, in send
    response = await self._send_handling_auth(
               ^^^^^^^^^^^^^^^^^^^^^^^^^^^^^^^
  File "g:\My_Projects\final_year_health_test\DocTalk\backend\.venv\Lib\site-packages\httpx\_client.py", line 1657, in _send_handling_auth
    response = await self._send_handling_redirects(
               ^^^^^^^^^^^^^^^^^^^^^^^^^^^^^^^^^^^^
  File "g:\My_Projects\final_year_health_test\DocTalk\backend\.venv\Lib\site-packages\httpx\_client.py", line 1694, in _send_handling_redirects
    response = await self._send_single_request(request)
               ^^^^^^^^^^^^^^^^^^^^^^^^^^^^^^^^^^^^^^^^
  File "g:\My_Projects\final_year_health_test\DocTalk\backend\.venv\Lib\site-packages\httpx\_client.py", line 1730, in _send_single_request
    response = await transport.handle_async_request(request)
               ^^^^^^^^^^^^^^^^^^^^^^^^^^^^^^^^^^^^^^^^^^^^^
  File "g:\My_Projects\final_year_health_test\DocTalk\backend\.venv\Lib\site-packages\httpx\_transports\default.py", line 394, in handle_async_request
    resp = await self._pool.handle_async_request(req)
           ^^^^^^^^^^^^^^^^^^^^^^^^^^^^^^^^^^^^^^^^^^
  File "g:\My_Projects\final_year_health_test\DocTalk\backend\.venv\Lib\site-packages\httpcore\_async\connection_pool.py", line 256, in handle_async_request
    raise exc from None
  File "g:\My_Projects\final_year_health_test\DocTalk\backend\.venv\Lib\site-packages\httpcore\_async\connection_pool.py", line 236, in handle_async_request
    response = await connection.handle_async_request(
               ^^^^^^^^^^^^^^^^^^^^^^^^^^^^^^^^^^^^^^
  File "g:\My_Projects\final_year_health_test\DocTalk\backend\.venv\Lib\site-packages\httpcore\_async\connection.py", line 103, in handle_async_request
    return await self._connection.handle_async_request(request)
           ^^^^^^^^^^^^^^^^^^^^^^^^^^^^^^^^^^^^^^^^^^^^^^^^^^^^
  File "g:\My_Projects\final_year_health_test\DocTalk\backend\.venv\Lib\site-packages\httpcore\_async\http11.py", line 135, in handle_async_request
    await self._response_closed()
  File "g:\My_Projects\final_year_health_test\DocTalk\backend\.venv\Lib\site-packages\httpcore\_async\http11.py", line 250, in _response_closed
    await self.aclose()
  File "g:\My_Projects\final_year_health_test\DocTalk\backend\.venv\Lib\site-packages\httpcore\_async\http11.py", line 258, in aclose
    await self._network_stream.aclose()
  File "g:\My_Projects\final_year_health_test\DocTalk\backend\.venv\Lib\site-packages\httpcore\_backends\anyio.py", line 53, in aclose
    await self._stream.aclose()
  File "g:\My_Projects\final_year_health_test\DocTalk\backend\.venv\Lib\site-packages\anyio\_backends\_asyncio.py", line 1344, in aclose
    self._transport.close()
  File "C:\Program Files\Python312\Lib\asyncio\proactor_events.py", line 109, in close
    self._loop.call_soon(self._call_connection_lost, None)
  File "C:\Program Files\Python312\Lib\asyncio\base_events.py", line 799, in call_soon
    self._check_closed()
  File "C:\Program Files\Python312\Lib\asyncio\base_events.py", line 545, in _check_closed
    raise RuntimeError('Event loop is closed')
RuntimeError: Event loop is closed

======================================================================
ERROR: test_14_get_disease_summary (__main__.TestHospitalDB.test_14_get_disease_summary)
----------------------------------------------------------------------
Traceback (most recent call last):
  File "g:\My_Projects\final_year_health_test\DocTalk\backend\tests\test_hospital.py", line 39, in wrapper
    return loop.run_until_complete(coro(*args, **kwargs))
           ^^^^^^^^^^^^^^^^^^^^^^^^^^^^^^^^^^^^^^^^^^^^^^
  File "C:\Program Files\Python312\Lib\asyncio\base_events.py", line 691, in run_until_complete
    return future.result()
           ^^^^^^^^^^^^^^^
  File "g:\My_Projects\final_year_health_test\DocTalk\backend\tests\test_hospital.py", line 443, in test_14_get_disease_summary
    await self.service.create_symptom_report(
  File "g:\My_Projects\final_year_health_test\DocTalk\backend\services\hospital_service.py", line 60, in create_symptom_report
    report = await self.client.symptomreport.create(data={
             ^^^^^^^^^^^^^^^^^^^^^^^^^^^^^^^^^^^^^^^^^^^^^
  File "g:\My_Projects\final_year_health_test\DocTalk\backend\.venv\Lib\site-packages\prisma\actions.py", line 10494, in create
    resp = await self._client._execute(
           ^^^^^^^^^^^^^^^^^^^^^^^^^^^^
  File "g:\My_Projects\final_year_health_test\DocTalk\backend\.venv\Lib\site-packages\prisma\_base_client.py", line 543, in _execute
    return await self._engine.query(builder.build(), tx_id=self._tx_id)
           ^^^^^^^^^^^^^^^^^^^^^^^^^^^^^^^^^^^^^^^^^^^^^^^^^^^^^^^^^^^^
  File "g:\My_Projects\final_year_health_test\DocTalk\backend\.venv\Lib\site-packages\prisma\engine\_query.py", line 402, in query
    return await self.request(
           ^^^^^^^^^^^^^^^^^^^
  File "g:\My_Projects\final_year_health_test\DocTalk\backend\.venv\Lib\site-packages\prisma\engine\_http.py", line 233, in request
    return self._process_response_data(data=data, response=response)
           ^^^^^^^^^^^^^^^^^^^^^^^^^^^^^^^^^^^^^^^^^^^^^^^^^^^^^^^^^
  File "g:\My_Projects\final_year_health_test\DocTalk\backend\.venv\Lib\site-packages\prisma\engine\_http.py", line 87, in _process_response_data
    return utils.handle_response_errors(response, errors_data)
           ^^^^^^^^^^^^^^^^^^^^^^^^^^^^^^^^^^^^^^^^^^^^^^^^^^^
  File "g:\My_Projects\final_year_health_test\DocTalk\backend\.venv\Lib\site-packages\prisma\engine\utils.py", line 163, in handle_response_errors
    raise prisma_errors.MissingRequiredValueError(error)
prisma.errors.MissingRequiredValueError: Unable to match input value to any allowed input type for the field. Parse errors: [`data.hospital`: A value is required but not set, Unable to match input value to any allowed input type for the field. Parse errors: [Invalid argument type. `symptoms` should be of any of the following types: `JsonNullValueInput`, Invalid argument type. `symptoms` should be of any of the following types: `Json`]]

======================================================================
ERROR: test_15_get_severity_breakdown (__main__.TestHospitalDB.test_15_get_severity_breakdown)
----------------------------------------------------------------------
Traceback (most recent call last):
  File "g:\My_Projects\final_year_health_test\DocTalk\backend\tests\test_hospital.py", line 39, in wrapper
    return loop.run_until_complete(coro(*args, **kwargs))
           ^^^^^^^^^^^^^^^^^^^^^^^^^^^^^^^^^^^^^^^^^^^^^^
  File "C:\Program Files\Python312\Lib\asyncio\base_events.py", line 691, in run_until_complete
    return future.result()
           ^^^^^^^^^^^^^^^
  File "g:\My_Projects\final_year_health_test\DocTalk\backend\tests\test_hospital.py", line 466, in test_15_get_severity_breakdown
    await self.service.register(
  File "g:\My_Projects\final_year_health_test\DocTalk\backend\services\hospital_service.py", line 27, in register
    existing = await self.client.hospital.find_unique(where={"hospitalId": hospital_id})
               ^^^^^^^^^^^^^^^^^^^^^^^^^^^^^^^^^^^^^^^^^^^^^^^^^^^^^^^^^^^^^^^^^^^^^^^^^
  File "g:\My_Projects\final_year_health_test\DocTalk\backend\.venv\Lib\site-packages\prisma\actions.py", line 9632, in find_unique
    resp = await self._client._execute(
           ^^^^^^^^^^^^^^^^^^^^^^^^^^^^
  File "g:\My_Projects\final_year_health_test\DocTalk\backend\.venv\Lib\site-packages\prisma\_base_client.py", line 543, in _execute
    return await self._engine.query(builder.build(), tx_id=self._tx_id)
           ^^^^^^^^^^^^^^^^^^^^^^^^^^^^^^^^^^^^^^^^^^^^^^^^^^^^^^^^^^^^
  File "g:\My_Projects\final_year_health_test\DocTalk\backend\.venv\Lib\site-packages\prisma\engine\_query.py", line 402, in query
    return await self.request(
           ^^^^^^^^^^^^^^^^^^^
  File "g:\My_Projects\final_year_health_test\DocTalk\backend\.venv\Lib\site-packages\prisma\engine\_http.py", line 217, in request
    response = await self.session.request(method, url, **kwargs)
               ^^^^^^^^^^^^^^^^^^^^^^^^^^^^^^^^^^^^^^^^^^^^^^^^^
  File "g:\My_Projects\final_year_health_test\DocTalk\backend\.venv\Lib\site-packages\prisma\_async_http.py", line 26, in request
    return Response(await self.session.request(method, url, **kwargs))
                    ^^^^^^^^^^^^^^^^^^^^^^^^^^^^^^^^^^^^^^^^^^^^^^^^^
  File "g:\My_Projects\final_year_health_test\DocTalk\backend\.venv\Lib\site-packages\httpx\_client.py", line 1540, in request
    return await self.send(request, auth=auth, follow_redirects=follow_redirects)
           ^^^^^^^^^^^^^^^^^^^^^^^^^^^^^^^^^^^^^^^^^^^^^^^^^^^^^^^^^^^^^^^^^^^^^^
  File "g:\My_Projects\final_year_health_test\DocTalk\backend\.venv\Lib\site-packages\httpx\_client.py", line 1629, in send
    response = await self._send_handling_auth(
               ^^^^^^^^^^^^^^^^^^^^^^^^^^^^^^^
  File "g:\My_Projects\final_year_health_test\DocTalk\backend\.venv\Lib\site-packages\httpx\_client.py", line 1657, in _send_handling_auth
    response = await self._send_handling_redirects(
               ^^^^^^^^^^^^^^^^^^^^^^^^^^^^^^^^^^^^
  File "g:\My_Projects\final_year_health_test\DocTalk\backend\.venv\Lib\site-packages\httpx\_client.py", line 1694, in _send_handling_redirects
    response = await self._send_single_request(request)
               ^^^^^^^^^^^^^^^^^^^^^^^^^^^^^^^^^^^^^^^^
  File "g:\My_Projects\final_year_health_test\DocTalk\backend\.venv\Lib\site-packages\httpx\_client.py", line 1730, in _send_single_request
    response = await transport.handle_async_request(request)
               ^^^^^^^^^^^^^^^^^^^^^^^^^^^^^^^^^^^^^^^^^^^^^
  File "g:\My_Projects\final_year_health_test\DocTalk\backend\.venv\Lib\site-packages\httpx\_transports\default.py", line 394, in handle_async_request
    resp = await self._pool.handle_async_request(req)
           ^^^^^^^^^^^^^^^^^^^^^^^^^^^^^^^^^^^^^^^^^^
  File "g:\My_Projects\final_year_health_test\DocTalk\backend\.venv\Lib\site-packages\httpcore\_async\connection_pool.py", line 256, in handle_async_request
    raise exc from None
  File "g:\My_Projects\final_year_health_test\DocTalk\backend\.venv\Lib\site-packages\httpcore\_async\connection_pool.py", line 236, in handle_async_request
    response = await connection.handle_async_request(
               ^^^^^^^^^^^^^^^^^^^^^^^^^^^^^^^^^^^^^^
  File "g:\My_Projects\final_year_health_test\DocTalk\backend\.venv\Lib\site-packages\httpcore\_async\connection.py", line 103, in handle_async_request
    return await self._connection.handle_async_request(request)
           ^^^^^^^^^^^^^^^^^^^^^^^^^^^^^^^^^^^^^^^^^^^^^^^^^^^^
  File "g:\My_Projects\final_year_health_test\DocTalk\backend\.venv\Lib\site-packages\httpcore\_async\http11.py", line 135, in handle_async_request
    await self._response_closed()
  File "g:\My_Projects\final_year_health_test\DocTalk\backend\.venv\Lib\site-packages\httpcore\_async\http11.py", line 250, in _response_closed
    await self.aclose()
  File "g:\My_Projects\final_year_health_test\DocTalk\backend\.venv\Lib\site-packages\httpcore\_async\http11.py", line 258, in aclose
    await self._network_stream.aclose()
  File "g:\My_Projects\final_year_health_test\DocTalk\backend\.venv\Lib\site-packages\httpcore\_backends\anyio.py", line 53, in aclose
    await self._stream.aclose()
  File "g:\My_Projects\final_year_health_test\DocTalk\backend\.venv\Lib\site-packages\anyio\_backends\_asyncio.py", line 1344, in aclose
    self._transport.close()
  File "C:\Program Files\Python312\Lib\asyncio\proactor_events.py", line 109, in close
    self._loop.call_soon(self._call_connection_lost, None)
  File "C:\Program Files\Python312\Lib\asyncio\base_events.py", line 799, in call_soon
    self._check_closed()
  File "C:\Program Files\Python312\Lib\asyncio\base_events.py", line 545, in _check_closed
    raise RuntimeError('Event loop is closed')
RuntimeError: Event loop is closed

======================================================================
ERROR: test_16_get_dashboard (__main__.TestHospitalDB.test_16_get_dashboard)
----------------------------------------------------------------------
Traceback (most recent call last):
  File "g:\My_Projects\final_year_health_test\DocTalk\backend\tests\test_hospital.py", line 39, in wrapper
    return loop.run_until_complete(coro(*args, **kwargs))
           ^^^^^^^^^^^^^^^^^^^^^^^^^^^^^^^^^^^^^^^^^^^^^^
  File "C:\Program Files\Python312\Lib\asyncio\base_events.py", line 691, in run_until_complete
    return future.result()
           ^^^^^^^^^^^^^^^
  File "g:\My_Projects\final_year_health_test\DocTalk\backend\tests\test_hospital.py", line 506, in test_16_get_dashboard
    await self.service.create_symptom_report(
  File "g:\My_Projects\final_year_health_test\DocTalk\backend\services\hospital_service.py", line 60, in create_symptom_report
    report = await self.client.symptomreport.create(data={
             ^^^^^^^^^^^^^^^^^^^^^^^^^^^^^^^^^^^^^^^^^^^^^
  File "g:\My_Projects\final_year_health_test\DocTalk\backend\.venv\Lib\site-packages\prisma\actions.py", line 10494, in create
    resp = await self._client._execute(
           ^^^^^^^^^^^^^^^^^^^^^^^^^^^^
  File "g:\My_Projects\final_year_health_test\DocTalk\backend\.venv\Lib\site-packages\prisma\_base_client.py", line 543, in _execute
    return await self._engine.query(builder.build(), tx_id=self._tx_id)
           ^^^^^^^^^^^^^^^^^^^^^^^^^^^^^^^^^^^^^^^^^^^^^^^^^^^^^^^^^^^^
  File "g:\My_Projects\final_year_health_test\DocTalk\backend\.venv\Lib\site-packages\prisma\engine\_query.py", line 402, in query
    return await self.request(
           ^^^^^^^^^^^^^^^^^^^
  File "g:\My_Projects\final_year_health_test\DocTalk\backend\.venv\Lib\site-packages\prisma\engine\_http.py", line 233, in request
    return self._process_response_data(data=data, response=response)
           ^^^^^^^^^^^^^^^^^^^^^^^^^^^^^^^^^^^^^^^^^^^^^^^^^^^^^^^^^
  File "g:\My_Projects\final_year_health_test\DocTalk\backend\.venv\Lib\site-packages\prisma\engine\_http.py", line 87, in _process_response_data
    return utils.handle_response_errors(response, errors_data)
           ^^^^^^^^^^^^^^^^^^^^^^^^^^^^^^^^^^^^^^^^^^^^^^^^^^^
  File "g:\My_Projects\final_year_health_test\DocTalk\backend\.venv\Lib\site-packages\prisma\engine\utils.py", line 163, in handle_response_errors
    raise prisma_errors.MissingRequiredValueError(error)
prisma.errors.MissingRequiredValueError: Unable to match input value to any allowed input type for the field. Parse errors: [`data.hospital`: A value is required but not set, Unable to match input value to any allowed input type for the field. Parse errors: [Invalid argument type. `symptoms` should be of any of the following types: `JsonNullValueInput`, Invalid argument type. `symptoms` should be of any of the following types: `Json`]]

======================================================================
ERROR: test_18_report_for_nonexistent_hospital (__main__.TestHospitalDB.test_18_report_for_nonexistent_hospital)
----------------------------------------------------------------------
Traceback (most recent call last):
  File "g:\My_Projects\final_year_health_test\DocTalk\backend\tests\test_hospital.py", line 39, in wrapper
    return loop.run_until_complete(coro(*args, **kwargs))
           ^^^^^^^^^^^^^^^^^^^^^^^^^^^^^^^^^^^^^^^^^^^^^^
  File "C:\Program Files\Python312\Lib\asyncio\base_events.py", line 691, in run_until_complete
    return future.result()
           ^^^^^^^^^^^^^^^
  File "g:\My_Projects\final_year_health_test\DocTalk\backend\tests\test_hospital.py", line 555, in test_18_report_for_nonexistent_hospital
    await self.service.create_symptom_report(
  File "g:\My_Projects\final_year_health_test\DocTalk\backend\services\hospital_service.py", line 55, in create_symptom_report
    hospital = await self._get_hospital(hospital_id)
               ^^^^^^^^^^^^^^^^^^^^^^^^^^^^^^^^^^^^^
  File "g:\My_Projects\final_year_health_test\DocTalk\backend\services\hospital_service.py", line 255, in _get_hospital
    hospital = await self.client.hospital.find_unique(where={"hospitalId": hospital_id})
               ^^^^^^^^^^^^^^^^^^^^^^^^^^^^^^^^^^^^^^^^^^^^^^^^^^^^^^^^^^^^^^^^^^^^^^^^^
  File "g:\My_Projects\final_year_health_test\DocTalk\backend\.venv\Lib\site-packages\prisma\actions.py", line 9632, in find_unique
    resp = await self._client._execute(
           ^^^^^^^^^^^^^^^^^^^^^^^^^^^^
  File "g:\My_Projects\final_year_health_test\DocTalk\backend\.venv\Lib\site-packages\prisma\_base_client.py", line 543, in _execute
    return await self._engine.query(builder.build(), tx_id=self._tx_id)
           ^^^^^^^^^^^^^^^^^^^^^^^^^^^^^^^^^^^^^^^^^^^^^^^^^^^^^^^^^^^^
  File "g:\My_Projects\final_year_health_test\DocTalk\backend\.venv\Lib\site-packages\prisma\engine\_query.py", line 402, in query
    return await self.request(
           ^^^^^^^^^^^^^^^^^^^
  File "g:\My_Projects\final_year_health_test\DocTalk\backend\.venv\Lib\site-packages\prisma\engine\_http.py", line 217, in request
    response = await self.session.request(method, url, **kwargs)
               ^^^^^^^^^^^^^^^^^^^^^^^^^^^^^^^^^^^^^^^^^^^^^^^^^
  File "g:\My_Projects\final_year_health_test\DocTalk\backend\.venv\Lib\site-packages\prisma\_async_http.py", line 26, in request
    return Response(await self.session.request(method, url, **kwargs))
                    ^^^^^^^^^^^^^^^^^^^^^^^^^^^^^^^^^^^^^^^^^^^^^^^^^
  File "g:\My_Projects\final_year_health_test\DocTalk\backend\.venv\Lib\site-packages\httpx\_client.py", line 1540, in request
    return await self.send(request, auth=auth, follow_redirects=follow_redirects)
           ^^^^^^^^^^^^^^^^^^^^^^^^^^^^^^^^^^^^^^^^^^^^^^^^^^^^^^^^^^^^^^^^^^^^^^
  File "g:\My_Projects\final_year_health_test\DocTalk\backend\.venv\Lib\site-packages\httpx\_client.py", line 1629, in send
    response = await self._send_handling_auth(
               ^^^^^^^^^^^^^^^^^^^^^^^^^^^^^^^
  File "g:\My_Projects\final_year_health_test\DocTalk\backend\.venv\Lib\site-packages\httpx\_client.py", line 1657, in _send_handling_auth
    response = await self._send_handling_redirects(
               ^^^^^^^^^^^^^^^^^^^^^^^^^^^^^^^^^^^^
  File "g:\My_Projects\final_year_health_test\DocTalk\backend\.venv\Lib\site-packages\httpx\_client.py", line 1694, in _send_handling_redirects
    response = await self._send_single_request(request)
               ^^^^^^^^^^^^^^^^^^^^^^^^^^^^^^^^^^^^^^^^
  File "g:\My_Projects\final_year_health_test\DocTalk\backend\.venv\Lib\site-packages\httpx\_client.py", line 1730, in _send_single_request
    response = await transport.handle_async_request(request)
               ^^^^^^^^^^^^^^^^^^^^^^^^^^^^^^^^^^^^^^^^^^^^^
  File "g:\My_Projects\final_year_health_test\DocTalk\backend\.venv\Lib\site-packages\httpx\_transports\default.py", line 394, in handle_async_request
    resp = await self._pool.handle_async_request(req)
           ^^^^^^^^^^^^^^^^^^^^^^^^^^^^^^^^^^^^^^^^^^
  File "g:\My_Projects\final_year_health_test\DocTalk\backend\.venv\Lib\site-packages\httpcore\_async\connection_pool.py", line 256, in handle_async_request
    raise exc from None
  File "g:\My_Projects\final_year_health_test\DocTalk\backend\.venv\Lib\site-packages\httpcore\_async\connection_pool.py", line 236, in handle_async_request
    response = await connection.handle_async_request(
               ^^^^^^^^^^^^^^^^^^^^^^^^^^^^^^^^^^^^^^
  File "g:\My_Projects\final_year_health_test\DocTalk\backend\.venv\Lib\site-packages\httpcore\_async\connection.py", line 103, in handle_async_request
    return await self._connection.handle_async_request(request)
           ^^^^^^^^^^^^^^^^^^^^^^^^^^^^^^^^^^^^^^^^^^^^^^^^^^^^
  File "g:\My_Projects\final_year_health_test\DocTalk\backend\.venv\Lib\site-packages\httpcore\_async\http11.py", line 135, in handle_async_request
    await self._response_closed()
  File "g:\My_Projects\final_year_health_test\DocTalk\backend\.venv\Lib\site-packages\httpcore\_async\http11.py", line 250, in _response_closed
    await self.aclose()
  File "g:\My_Projects\final_year_health_test\DocTalk\backend\.venv\Lib\site-packages\httpcore\_async\http11.py", line 258, in aclose
    await self._network_stream.aclose()
  File "g:\My_Projects\final_year_health_test\DocTalk\backend\.venv\Lib\site-packages\httpcore\_backends\anyio.py", line 53, in aclose
    await self._stream.aclose()
  File "g:\My_Projects\final_year_health_test\DocTalk\backend\.venv\Lib\site-packages\anyio\_backends\_asyncio.py", line 1344, in aclose
    self._transport.close()
  File "C:\Program Files\Python312\Lib\asyncio\proactor_events.py", line 109, in close
    self._loop.call_soon(self._call_connection_lost, None)
  File "C:\Program Files\Python312\Lib\asyncio\base_events.py", line 799, in call_soon
    self._check_closed()
  File "C:\Program Files\Python312\Lib\asyncio\base_events.py", line 545, in _check_closed
    raise RuntimeError('Event loop is closed')
RuntimeError: Event loop is closed

======================================================================
ERROR: test_19_anonymous_report (__main__.TestHospitalDB.test_19_anonymous_report)
----------------------------------------------------------------------
Traceback (most recent call last):
  File "g:\My_Projects\final_year_health_test\DocTalk\backend\tests\test_hospital.py", line 39, in wrapper
    return loop.run_until_complete(coro(*args, **kwargs))
           ^^^^^^^^^^^^^^^^^^^^^^^^^^^^^^^^^^^^^^^^^^^^^^
  File "C:\Program Files\Python312\Lib\asyncio\base_events.py", line 691, in run_until_complete
    return future.result()
           ^^^^^^^^^^^^^^^
  File "g:\My_Projects\final_year_health_test\DocTalk\backend\tests\test_hospital.py", line 574, in test_19_anonymous_report
    report = await self.service.create_symptom_report(
             ^^^^^^^^^^^^^^^^^^^^^^^^^^^^^^^^^^^^^^^^^
  File "g:\My_Projects\final_year_health_test\DocTalk\backend\services\hospital_service.py", line 60, in create_symptom_report
    report = await self.client.symptomreport.create(data={
             ^^^^^^^^^^^^^^^^^^^^^^^^^^^^^^^^^^^^^^^^^^^^^
  File "g:\My_Projects\final_year_health_test\DocTalk\backend\.venv\Lib\site-packages\prisma\actions.py", line 10494, in create
    resp = await self._client._execute(
           ^^^^^^^^^^^^^^^^^^^^^^^^^^^^
  File "g:\My_Projects\final_year_health_test\DocTalk\backend\.venv\Lib\site-packages\prisma\_base_client.py", line 543, in _execute
    return await self._engine.query(builder.build(), tx_id=self._tx_id)
           ^^^^^^^^^^^^^^^^^^^^^^^^^^^^^^^^^^^^^^^^^^^^^^^^^^^^^^^^^^^^
  File "g:\My_Projects\final_year_health_test\DocTalk\backend\.venv\Lib\site-packages\prisma\engine\_query.py", line 402, in query
    return await self.request(
           ^^^^^^^^^^^^^^^^^^^
  File "g:\My_Projects\final_year_health_test\DocTalk\backend\.venv\Lib\site-packages\prisma\engine\_http.py", line 233, in request
    return self._process_response_data(data=data, response=response)
           ^^^^^^^^^^^^^^^^^^^^^^^^^^^^^^^^^^^^^^^^^^^^^^^^^^^^^^^^^
  File "g:\My_Projects\final_year_health_test\DocTalk\backend\.venv\Lib\site-packages\prisma\engine\_http.py", line 87, in _process_response_data
    return utils.handle_response_errors(response, errors_data)
           ^^^^^^^^^^^^^^^^^^^^^^^^^^^^^^^^^^^^^^^^^^^^^^^^^^^
  File "g:\My_Projects\final_year_health_test\DocTalk\backend\.venv\Lib\site-packages\prisma\engine\utils.py", line 163, in handle_response_errors
    raise prisma_errors.MissingRequiredValueError(error)
prisma.errors.MissingRequiredValueError: Unable to match input value to any allowed input type for the field. Parse errors: [`data.hospital`: A value is required but not set, Unable to match input value to any allowed input type for the field. Parse errors: [Invalid argument type. `symptoms` should be of any of the following types: `JsonNullValueInput`, Invalid argument type. `symptoms` should be of any of the following types: `Json`]]

======================================================================
ERROR: test_20_get_disease_summary_global (__main__.TestHospitalDB.test_20_get_disease_summary_global)
----------------------------------------------------------------------
Traceback (most recent call last):
  File "g:\My_Projects\final_year_health_test\DocTalk\backend\tests\test_hospital.py", line 39, in wrapper
    return loop.run_until_complete(coro(*args, **kwargs))
           ^^^^^^^^^^^^^^^^^^^^^^^^^^^^^^^^^^^^^^^^^^^^^^
  File "C:\Program Files\Python312\Lib\asyncio\base_events.py", line 691, in run_until_complete
    return future.result()
           ^^^^^^^^^^^^^^^
  File "g:\My_Projects\final_year_health_test\DocTalk\backend\tests\test_hospital.py", line 591, in test_20_get_disease_summary_global
    summary = await self.service.get_disease_summary(hospital_id=None)
              ^^^^^^^^^^^^^^^^^^^^^^^^^^^^^^^^^^^^^^^^^^^^^^^^^^^^^^^^
  File "g:\My_Projects\final_year_health_test\DocTalk\backend\services\hospital_service.py", line 153, in get_disease_summary
    reports = await self.client.symptomreport.find_many(where=where)
              ^^^^^^^^^^^^^^^^^^^^^^^^^^^^^^^^^^^^^^^^^^^^^^^^^^^^^^
  File "g:\My_Projects\final_year_health_test\DocTalk\backend\.venv\Lib\site-packages\prisma\actions.py", line 10780, in find_many
    resp = await self._client._execute(
           ^^^^^^^^^^^^^^^^^^^^^^^^^^^^
  File "g:\My_Projects\final_year_health_test\DocTalk\backend\.venv\Lib\site-packages\prisma\_base_client.py", line 543, in _execute
    return await self._engine.query(builder.build(), tx_id=self._tx_id)
           ^^^^^^^^^^^^^^^^^^^^^^^^^^^^^^^^^^^^^^^^^^^^^^^^^^^^^^^^^^^^
  File "g:\My_Projects\final_year_health_test\DocTalk\backend\.venv\Lib\site-packages\prisma\engine\_query.py", line 402, in query
    return await self.request(
           ^^^^^^^^^^^^^^^^^^^
  File "g:\My_Projects\final_year_health_test\DocTalk\backend\.venv\Lib\site-packages\prisma\engine\_http.py", line 217, in request
    response = await self.session.request(method, url, **kwargs)
               ^^^^^^^^^^^^^^^^^^^^^^^^^^^^^^^^^^^^^^^^^^^^^^^^^
  File "g:\My_Projects\final_year_health_test\DocTalk\backend\.venv\Lib\site-packages\prisma\_async_http.py", line 26, in request
    return Response(await self.session.request(method, url, **kwargs))
                    ^^^^^^^^^^^^^^^^^^^^^^^^^^^^^^^^^^^^^^^^^^^^^^^^^
  File "g:\My_Projects\final_year_health_test\DocTalk\backend\.venv\Lib\site-packages\httpx\_client.py", line 1540, in request
    return await self.send(request, auth=auth, follow_redirects=follow_redirects)
           ^^^^^^^^^^^^^^^^^^^^^^^^^^^^^^^^^^^^^^^^^^^^^^^^^^^^^^^^^^^^^^^^^^^^^^
  File "g:\My_Projects\final_year_health_test\DocTalk\backend\.venv\Lib\site-packages\httpx\_client.py", line 1629, in send
    response = await self._send_handling_auth(
               ^^^^^^^^^^^^^^^^^^^^^^^^^^^^^^^
  File "g:\My_Projects\final_year_health_test\DocTalk\backend\.venv\Lib\site-packages\httpx\_client.py", line 1657, in _send_handling_auth
    response = await self._send_handling_redirects(
               ^^^^^^^^^^^^^^^^^^^^^^^^^^^^^^^^^^^^
  File "g:\My_Projects\final_year_health_test\DocTalk\backend\.venv\Lib\site-packages\httpx\_client.py", line 1694, in _send_handling_redirects
    response = await self._send_single_request(request)
               ^^^^^^^^^^^^^^^^^^^^^^^^^^^^^^^^^^^^^^^^
  File "g:\My_Projects\final_year_health_test\DocTalk\backend\.venv\Lib\site-packages\httpx\_client.py", line 1730, in _send_single_request
    response = await transport.handle_async_request(request)
               ^^^^^^^^^^^^^^^^^^^^^^^^^^^^^^^^^^^^^^^^^^^^^
  File "g:\My_Projects\final_year_health_test\DocTalk\backend\.venv\Lib\site-packages\httpx\_transports\default.py", line 394, in handle_async_request
    resp = await self._pool.handle_async_request(req)
           ^^^^^^^^^^^^^^^^^^^^^^^^^^^^^^^^^^^^^^^^^^
  File "g:\My_Projects\final_year_health_test\DocTalk\backend\.venv\Lib\site-packages\httpcore\_async\connection_pool.py", line 256, in handle_async_request
    raise exc from None
  File "g:\My_Projects\final_year_health_test\DocTalk\backend\.venv\Lib\site-packages\httpcore\_async\connection_pool.py", line 236, in handle_async_request
    response = await connection.handle_async_request(
               ^^^^^^^^^^^^^^^^^^^^^^^^^^^^^^^^^^^^^^
  File "g:\My_Projects\final_year_health_test\DocTalk\backend\.venv\Lib\site-packages\httpcore\_async\connection.py", line 103, in handle_async_request
    return await self._connection.handle_async_request(request)
           ^^^^^^^^^^^^^^^^^^^^^^^^^^^^^^^^^^^^^^^^^^^^^^^^^^^^
  File "g:\My_Projects\final_year_health_test\DocTalk\backend\.venv\Lib\site-packages\httpcore\_async\http11.py", line 135, in handle_async_request
    await self._response_closed()
  File "g:\My_Projects\final_year_health_test\DocTalk\backend\.venv\Lib\site-packages\httpcore\_async\http11.py", line 250, in _response_closed
    await self.aclose()
  File "g:\My_Projects\final_year_health_test\DocTalk\backend\.venv\Lib\site-packages\httpcore\_async\http11.py", line 258, in aclose
    await self._network_stream.aclose()
  File "g:\My_Projects\final_year_health_test\DocTalk\backend\.venv\Lib\site-packages\httpcore\_backends\anyio.py", line 53, in aclose
    await self._stream.aclose()
  File "g:\My_Projects\final_year_health_test\DocTalk\backend\.venv\Lib\site-packages\anyio\_backends\_asyncio.py", line 1344, in aclose
    self._transport.close()
  File "C:\Program Files\Python312\Lib\asyncio\proactor_events.py", line 109, in close
    self._loop.call_soon(self._call_connection_lost, None)
  File "C:\Program Files\Python312\Lib\asyncio\base_events.py", line 799, in call_soon
    self._check_closed()
  File "C:\Program Files\Python312\Lib\asyncio\base_events.py", line 545, in _check_closed
    raise RuntimeError('Event loop is closed')
RuntimeError: Event loop is closed

----------------------------------------------------------------------
Ran 20 tests in 51.819s

FAILED (errors=16)
